===== ANALYST laguna 2026-09-03 17:00:20 UTC =====
[91m[1mError: [0m{
  "name": "UnknownError",
  "data": {
    "message": "Unexpected server error. Check server logs for details.",
    "ref": "err_1b60eedd"
  }
}
===== ANALYST laguna 2026-09-03 19:41:38 UTC =====
[91m[1mError: [0m{
  "name": "UnknownError",
  "data": {
    "message": "Unexpected server error. Check server logs for details.",
    "ref": "err_5fd2e3a3"
  }
}
===== ANALYST laguna 2026-09-03 21:58:07 UTC =====
[91m[1mError: [0m{
  "name": "UnknownError",
  "data": {
    "message": "Unexpected server error. Check server logs for details.",
    "ref": "err_7129b1e4"
  }
}
===== ANALYST laguna 2026-09-03 23:50:18 UTC =====
[91m[1mError: [0m{
  "name": "UnknownError",
  "data": {
    "message": "Unexpected server error. Check server logs for details.",
    "ref": "err_a07ed597"
  }
}
===== ANALYST laguna 2026-09-04 02:53:41 UTC =====
[91m[1mError: [0m{
  "name": "UnknownError",
  "data": {
    "message": "Unexpected server error. Check server logs for details.",
    "ref": "err_d261adc4"
  }
}
===== ANALYST laguna 2026-09-04 07:47:47 UTC =====
[91m[1mError: [0m{
  "name": "UnknownError",
  "data": {
    "message": "Unexpected server error. Check server logs for details.",
    "ref": "err_80f08de0"
  }
}
===== ANALYST laguna 2026-09-04 12:45:23 UTC =====
[91m[1mError: [0m{
  "name": "UnknownError",
  "data": {
    "message": "Unexpected server error. Check server logs for details.",
    "ref": "err_b50bd445"
  }
}
===== ANALYST laguna 2026-09-04 16:44:47 UTC =====
[91m[1mError: [0m{
  "name": "UnknownError",
  "data": {
    "message": "Unexpected server error. Check server logs for details.",
    "ref": "err_218ff460"
  }
}
===== ANALYST laguna 2026-09-04 19:16:10 UTC =====
[91m[1mError: [0m{
  "name": "UnknownError",
  "data": {
    "message": "Unexpected server error. Check server logs for details.",
    "ref": "err_43b457ee"
  }
}
===== ANALYST laguna 2026-09-04 21:37:03 UTC =====
[91m[1mError: [0m{
  "name": "UnknownError",
  "data": {
    "message": "Unexpected server error. Check server logs for details.",
    "ref": "err_c7ec5597"
  }
}
===== ANALYST laguna 2026-09-04 23:19:40 UTC =====
[91m[1mError: [0m{
  "name": "UnknownError",
  "data": {
    "message": "Unexpected server error. Check server logs for details.",
    "ref": "err_baedd1eb"
  }
}
===== ANALYST laguna 2026-09-05 01:09:54 UTC =====
[91m[1mError: [0m{
  "name": "UnknownError",
  "data": {
    "message": "Unexpected server error. Check server logs for details.",
    "ref": "err_e86223ab"
  }
}
===== ANALYST laguna 2026-09-05 05:52:38 UTC =====
[91m[1mError: [0m{
  "name": "UnknownError",
  "data": {
    "message": "Unexpected server error. Check server logs for details.",
    "ref": "err_ed475322"
  }
}
===== ANALYST laguna 2026-09-05 10:01:28 UTC =====
[91m[1mError: [0m{
  "name": "UnknownError",
  "data": {
    "message": "Unexpected server error. Check server logs for details.",
    "ref": "err_71b68fc5"
  }
}
===== ANALYST laguna 2026-09-05 13:24:15 UTC =====
[91m[1mError: [0m{
  "name": "UnknownError",
  "data": {
    "message": "Unexpected server error. Check server logs for details.",
    "ref": "err_060e11bf"
  }
}
===== ANALYST laguna 2026-09-05 16:21:43 UTC =====
[91m[1mError: [0m{
  "name": "UnknownError",
  "data": {
    "message": "Unexpected server error. Check server logs for details.",
    "ref": "err_c078ea77"
  }
}
===== ANALYST laguna 2026-09-05 18:29:58 UTC =====
[91m[1mError: [0m{
  "name": "UnknownError",
  "data": {
    "message": "Unexpected server error. Check server logs for details.",
    "ref": "err_2720ed10"
  }
}
===== ANALYST laguna 2026-09-05 20:48:41 UTC =====
[91m[1mError: [0m{
  "name": "UnknownError",
  "data": {
    "message": "Unexpected server error. Check server logs for details.",
    "ref": "err_d0e8bd3e"
  }
}
===== ANALYST laguna 2026-09-05 22:44:44 UTC =====
[91m[1mError: [0m{
  "name": "UnknownError",
  "data": {
    "message": "Unexpected server error. Check server logs for details.",
    "ref": "err_981183fa"
  }
}
===== ANALYST laguna 2026-09-06 00:18:55 UTC =====
[91m[1mError: [0m{
  "name": "UnknownError",
  "data": {
    "message": "Unexpected server error. Check server logs for details.",
    "ref": "err_ee82725d"
  }
}
===== ANALYST laguna 2026-09-06 04:50:01 UTC =====
[91m[1mError: [0m{
  "name": "UnknownError",
  "data": {
    "message": "Unexpected server error. Check server logs for details.",
    "ref": "err_9c043804"
  }
}
===== ANALYST laguna 2026-09-06 09:14:53 UTC =====
[91m[1mError: [0m{
  "name": "UnknownError",
  "data": {
    "message": "Unexpected server error. Check server logs for details.",
    "ref": "err_c5199fc4"
  }
}
===== ANALYST laguna 2026-09-06 13:03:53 UTC =====
[91m[1mError: [0m{
  "name": "UnknownError",
  "data": {
    "message": "Unexpected server error. Check server logs for details.",
    "ref": "err_45b1abed"
  }
}
===== ANALYST laguna 2026-09-06 16:18:18 UTC =====
[91m[1mError: [0m{
  "name": "UnknownError",
  "data": {
    "message": "Unexpected server error. Check server logs for details.",
    "ref": "err_785ba198"
  }
}
===== ANALYST laguna 2026-09-06 18:29:05 UTC =====
[91m[1mError: [0m{
  "name": "UnknownError",
  "data": {
    "message": "Unexpected server error. Check server logs for details.",
    "ref": "err_4b25955e"
  }
}
===== ANALYST laguna 2026-09-06 20:35:40 UTC =====
[91m[1mError: [0m{
  "name": "UnknownError",
  "data": {
    "message": "Unexpected server error. Check server logs for details.",
    "ref": "err_f9ba0f90"
  }
}
===== ANALYST laguna 2026-09-06 22:23:37 UTC =====
[91m[1mError: [0m{
  "name": "UnknownError",
  "data": {
    "message": "Unexpected server error. Check server logs for details.",
    "ref": "err_7b17d789"
  }
}
===== ANALYST laguna 2026-09-07 00:08:08 UTC =====
[91m[1mError: [0m{
  "name": "UnknownError",
  "data": {
    "message": "Unexpected server error. Check server logs for details.",
    "ref": "err_0cb3e995"
  }
}
===== ANALYST laguna 2026-09-07 04:55:08 UTC =====
[91m[1mError: [0m{
  "name": "UnknownError",
  "data": {
    "message": "Unexpected server error. Check server logs for details.",
    "ref": "err_ca135fb7"
  }
}
===== ANALYST laguna 2026-09-07 09:58:15 UTC =====
[91m[1mError: [0m{
  "name": "UnknownError",
  "data": {
    "message": "Unexpected server error. Check server logs for details.",
    "ref": "err_aba2fbf0"
  }
}
===== ANALYST laguna 2026-09-07 15:40:49 UTC =====
[91m[1mError: [0m{
  "name": "UnknownError",
  "data": {
    "message": "Unexpected server error. Check server logs for details.",
    "ref": "err_98c318d0"
  }
}
===== ANALYST laguna 2026-09-07 19:30:30 UTC =====
[91m[1mError: [0m{
  "name": "UnknownError",
  "data": {
    "message": "Unexpected server error. Check server logs for details.",
    "ref": "err_90f4122f"
  }
}
===== ANALYST laguna 2026-09-07 22:19:29 UTC =====
[91m[1mError: [0m{
  "name": "UnknownError",
  "data": {
    "message": "Unexpected server error. Check server logs for details.",
    "ref": "err_da903fe6"
  }
}
===== ANALYST laguna 2026-09-08 00:45:01 UTC =====
[91m[1mError: [0m{
  "name": "UnknownError",
  "data": {
    "message": "Unexpected server error. Check server logs for details.",
    "ref": "err_f7dfc059"
  }
}
===== ANALYST laguna 2026-09-08 05:22:20 UTC =====
[91m[1mError: [0m{
  "name": "UnknownError",
  "data": {
    "message": "Unexpected server error. Check server logs for details.",
    "ref": "err_e63404d5"
  }
}
===== ANALYST laguna 2026-09-08 09:58:50 UTC =====
[91m[1mError: [0m{
  "name": "UnknownError",
  "data": {
    "message": "Unexpected server error. Check server logs for details.",
    "ref": "err_143f5404"
  }
}
===== ANALYST laguna 2026-09-08 14:26:58 UTC =====
[91m[1mError: [0m{
  "name": "UnknownError",
  "data": {
    "message": "Unexpected server error. Check server logs for details.",
    "ref": "err_0b79e15a"
  }
}
===== ANALYST laguna 2026-09-08 18:11:33 UTC =====
[91m[1mError: [0m{
  "name": "UnknownError",
  "data": {
    "message": "Unexpected server error. Check server logs for details.",
    "ref": "err_c7e5b131"
  }
}
===== ANALYST laguna 2026-09-08 20:54:36 UTC =====
[91m[1mError: [0m{
  "name": "UnknownError",
  "data": {
    "message": "Unexpected server error. Check server logs for details.",
    "ref": "err_fc146211"
  }
}
===== ANALYST laguna 2026-09-08 23:13:03 UTC =====
[91m[1mError: [0m{
  "name": "UnknownError",
  "data": {
    "message": "Unexpected server error. Check server logs for details.",
    "ref": "err_91f056f5"
  }
}
===== ANALYST laguna 2026-09-09 01:34:51 UTC =====
[91m[1mError: [0m{
  "name": "UnknownError",
  "data": {
    "message": "Unexpected server error. Check server logs for details.",
    "ref": "err_89f98bd3"
  }
}
===== ANALYST laguna 2026-09-09 06:09:00 UTC =====
[91m[1mError: [0m{
  "name": "UnknownError",
  "data": {
    "message": "Unexpected server error. Check server logs for details.",
    "ref": "err_ac3d9cb1"
  }
}
===== ANALYST laguna 2026-09-09 11:51:06 UTC =====
[91m[1mError: [0m{
  "name": "UnknownError",
  "data": {
    "message": "Unexpected server error. Check server logs for details.",
    "ref": "err_a4aa930d"
  }
}
===== ANALYST laguna 2026-09-09 15:26:45 UTC =====
[91m[1mError: [0m{
  "name": "UnknownError",
  "data": {
    "message": "Unexpected server error. Check server logs for details.",
    "ref": "err_f3bdf632"
  }
}
===== ANALYST laguna 2026-09-09 18:45:14 UTC =====
[91m[1mError: [0m{
  "name": "UnknownError",
  "data": {
    "message": "Unexpected server error. Check server logs for details.",
    "ref": "err_1b0a1ab4"
  }
}
