===== ANALYST ling3 2026-09-03 17:00:20 UTC =====
[91m[1mError: [0m{
  "name": "UnknownError",
  "data": {
    "message": "Unexpected server error. Check server logs for details.",
    "ref": "err_233557e2"
  }
}
===== ANALYST ling3 2026-09-03 19:41:38 UTC =====
[91m[1mError: [0m{
  "name": "UnknownError",
  "data": {
    "message": "Unexpected server error. Check server logs for details.",
    "ref": "err_ae1191b1"
  }
}
===== ANALYST ling3 2026-09-03 21:58:07 UTC =====
[91m[1mError: [0m{
  "name": "UnknownError",
  "data": {
    "message": "Unexpected server error. Check server logs for details.",
    "ref": "err_67264b3e"
  }
}
===== ANALYST ling3 2026-09-03 23:50:18 UTC =====
[91m[1mError: [0m{
  "name": "UnknownError",
  "data": {
    "message": "Unexpected server error. Check server logs for details.",
    "ref": "err_610953e5"
  }
}
===== ANALYST ling3 2026-09-04 02:53:41 UTC =====
[91m[1mError: [0m{
  "name": "UnknownError",
  "data": {
    "message": "Unexpected server error. Check server logs for details.",
    "ref": "err_05d38df8"
  }
}
===== ANALYST ling3 2026-09-04 07:47:47 UTC =====
[91m[1mError: [0m{
  "name": "UnknownError",
  "data": {
    "message": "Unexpected server error. Check server logs for details.",
    "ref": "err_66025a39"
  }
}
===== ANALYST ling3 2026-09-04 12:45:23 UTC =====
[91m[1mError: [0m{
  "name": "UnknownError",
  "data": {
    "message": "Unexpected server error. Check server logs for details.",
    "ref": "err_325e67bc"
  }
}
===== ANALYST ling3 2026-09-04 16:44:47 UTC =====
[91m[1mError: [0m{
  "name": "UnknownError",
  "data": {
    "message": "Unexpected server error. Check server logs for details.",
    "ref": "err_54dde20c"
  }
}
===== ANALYST ling3 2026-09-04 19:16:10 UTC =====
[91m[1mError: [0m{
  "name": "UnknownError",
  "data": {
    "message": "Unexpected server error. Check server logs for details.",
    "ref": "err_b4b35b7b"
  }
}
===== ANALYST ling3 2026-09-04 21:37:03 UTC =====
[91m[1mError: [0m{
  "name": "UnknownError",
  "data": {
    "message": "Unexpected server error. Check server logs for details.",
    "ref": "err_c06dce8a"
  }
}
===== ANALYST ling3 2026-09-04 23:19:40 UTC =====
[91m[1mError: [0m{
  "name": "UnknownError",
  "data": {
    "message": "Unexpected server error. Check server logs for details.",
    "ref": "err_7b154ded"
  }
}
===== ANALYST ling3 2026-09-05 01:09:54 UTC =====
[91m[1mError: [0m{
  "name": "UnknownError",
  "data": {
    "message": "Unexpected server error. Check server logs for details.",
    "ref": "err_979f5e90"
  }
}
===== ANALYST ling3 2026-09-05 05:52:38 UTC =====
[91m[1mError: [0m{
  "name": "UnknownError",
  "data": {
    "message": "Unexpected server error. Check server logs for details.",
    "ref": "err_5985e21a"
  }
}
===== ANALYST ling3 2026-09-05 10:01:28 UTC =====
[91m[1mError: [0m{
  "name": "UnknownError",
  "data": {
    "message": "Unexpected server error. Check server logs for details.",
    "ref": "err_a6f6b821"
  }
}
===== ANALYST ling3 2026-09-05 13:24:15 UTC =====
[91m[1mError: [0m{
  "name": "UnknownError",
  "data": {
    "message": "Unexpected server error. Check server logs for details.",
    "ref": "err_c62c00e6"
  }
}
===== ANALYST ling3 2026-09-05 16:21:43 UTC =====
[91m[1mError: [0m{
  "name": "UnknownError",
  "data": {
    "message": "Unexpected server error. Check server logs for details.",
    "ref": "err_07bb159d"
  }
}
===== ANALYST ling3 2026-09-05 18:29:58 UTC =====
[91m[1mError: [0m{
  "name": "UnknownError",
  "data": {
    "message": "Unexpected server error. Check server logs for details.",
    "ref": "err_bddae37f"
  }
}
===== ANALYST ling3 2026-09-05 20:48:41 UTC =====
[91m[1mError: [0m{
  "name": "UnknownError",
  "data": {
    "message": "Unexpected server error. Check server logs for details.",
    "ref": "err_5b717d70"
  }
}
===== ANALYST ling3 2026-09-05 22:44:44 UTC =====
[91m[1mError: [0m{
  "name": "UnknownError",
  "data": {
    "message": "Unexpected server error. Check server logs for details.",
    "ref": "err_ee0c2ea3"
  }
}
===== ANALYST ling3 2026-09-06 00:18:55 UTC =====
[91m[1mError: [0m{
  "name": "UnknownError",
  "data": {
    "message": "Unexpected server error. Check server logs for details.",
    "ref": "err_869eceab"
  }
}
===== ANALYST ling3 2026-09-06 04:50:01 UTC =====
[91m[1mError: [0m{
  "name": "UnknownError",
  "data": {
    "message": "Unexpected server error. Check server logs for details.",
    "ref": "err_7b94ca61"
  }
}
===== ANALYST ling3 2026-09-06 09:14:53 UTC =====
[91m[1mError: [0m{
  "name": "UnknownError",
  "data": {
    "message": "Unexpected server error. Check server logs for details.",
    "ref": "err_ac6a3432"
  }
}
===== ANALYST ling3 2026-09-06 13:03:53 UTC =====
[91m[1mError: [0m{
  "name": "UnknownError",
  "data": {
    "message": "Unexpected server error. Check server logs for details.",
    "ref": "err_67a82f35"
  }
}
===== ANALYST ling3 2026-09-06 16:18:18 UTC =====
[91m[1mError: [0m{
  "name": "UnknownError",
  "data": {
    "message": "Unexpected server error. Check server logs for details.",
    "ref": "err_10f54381"
  }
}
===== ANALYST ling3 2026-09-06 18:29:05 UTC =====
[91m[1mError: [0m{
  "name": "UnknownError",
  "data": {
    "message": "Unexpected server error. Check server logs for details.",
    "ref": "err_65dd503e"
  }
}
===== ANALYST ling3 2026-09-06 20:35:40 UTC =====
[91m[1mError: [0m{
  "name": "UnknownError",
  "data": {
    "message": "Unexpected server error. Check server logs for details.",
    "ref": "err_902e2571"
  }
}
===== ANALYST ling3 2026-09-06 22:23:37 UTC =====
[91m[1mError: [0m{
  "name": "UnknownError",
  "data": {
    "message": "Unexpected server error. Check server logs for details.",
    "ref": "err_a9335dd9"
  }
}
===== ANALYST ling3 2026-09-07 00:08:08 UTC =====
[91m[1mError: [0m{
  "name": "UnknownError",
  "data": {
    "message": "Unexpected server error. Check server logs for details.",
    "ref": "err_58b903cc"
  }
}
===== ANALYST ling3 2026-09-07 04:55:08 UTC =====
[91m[1mError: [0m{
  "name": "UnknownError",
  "data": {
    "message": "Unexpected server error. Check server logs for details.",
    "ref": "err_41f92960"
  }
}
===== ANALYST ling3 2026-09-07 09:58:15 UTC =====
[91m[1mError: [0m{
  "name": "UnknownError",
  "data": {
    "message": "Unexpected server error. Check server logs for details.",
    "ref": "err_5004239c"
  }
}
===== ANALYST ling3 2026-09-07 15:40:49 UTC =====
[91m[1mError: [0m{
  "name": "UnknownError",
  "data": {
    "message": "Unexpected server error. Check server logs for details.",
    "ref": "err_8cb1c7c2"
  }
}
===== ANALYST ling3 2026-09-07 19:30:30 UTC =====
[91m[1mError: [0m{
  "name": "UnknownError",
  "data": {
    "message": "Unexpected server error. Check server logs for details.",
    "ref": "err_65bc35b7"
  }
}
