===== ANALYST longcat 2026-09-03 17:00:20 UTC =====
[91m[1mError: [0m{
  "name": "UnknownError",
  "data": {
    "message": "Unexpected server error. Check server logs for details.",
    "ref": "err_af4ceb4c"
  }
}
===== ANALYST longcat 2026-09-03 19:41:38 UTC =====
[91m[1mError: [0m{
  "name": "UnknownError",
  "data": {
    "message": "Unexpected server error. Check server logs for details.",
    "ref": "err_1ac23c93"
  }
}
===== ANALYST longcat 2026-09-03 21:58:07 UTC =====
[91m[1mError: [0m{
  "name": "UnknownError",
  "data": {
    "message": "Unexpected server error. Check server logs for details.",
    "ref": "err_bdc11d93"
  }
}
===== ANALYST longcat 2026-09-03 23:50:18 UTC =====
[91m[1mError: [0m{
  "name": "UnknownError",
  "data": {
    "message": "Unexpected server error. Check server logs for details.",
    "ref": "err_05047c11"
  }
}
===== ANALYST longcat 2026-09-04 02:53:41 UTC =====
[91m[1mError: [0m{
  "name": "UnknownError",
  "data": {
    "message": "Unexpected server error. Check server logs for details.",
    "ref": "err_afbb2805"
  }
}
===== ANALYST longcat 2026-09-04 07:47:47 UTC =====
[91m[1mError: [0m{
  "name": "UnknownError",
  "data": {
    "message": "Unexpected server error. Check server logs for details.",
    "ref": "err_91a33176"
  }
}
===== ANALYST longcat 2026-09-04 12:45:23 UTC =====
[91m[1mError: [0m{
  "name": "UnknownError",
  "data": {
    "message": "Unexpected server error. Check server logs for details.",
    "ref": "err_35317f10"
  }
}
===== ANALYST longcat 2026-09-04 16:44:47 UTC =====
[91m[1mError: [0m{
  "name": "UnknownError",
  "data": {
    "message": "Unexpected server error. Check server logs for details.",
    "ref": "err_5f3fcd62"
  }
}
===== ANALYST longcat 2026-09-04 19:16:10 UTC =====
[91m[1mError: [0m{
  "name": "UnknownError",
  "data": {
    "message": "Unexpected server error. Check server logs for details.",
    "ref": "err_d120019b"
  }
}
===== ANALYST longcat 2026-09-04 21:37:03 UTC =====
[91m[1mError: [0m{
  "name": "UnknownError",
  "data": {
    "message": "Unexpected server error. Check server logs for details.",
    "ref": "err_d61f26e4"
  }
}
===== ANALYST longcat 2026-09-04 23:19:40 UTC =====
[91m[1mError: [0m{
  "name": "UnknownError",
  "data": {
    "message": "Unexpected server error. Check server logs for details.",
    "ref": "err_92251116"
  }
}
===== ANALYST longcat 2026-09-05 01:09:54 UTC =====
[91m[1mError: [0m{
  "name": "UnknownError",
  "data": {
    "message": "Unexpected server error. Check server logs for details.",
    "ref": "err_bc0c612b"
  }
}
===== ANALYST longcat 2026-09-05 05:52:38 UTC =====
[91m[1mError: [0m{
  "name": "UnknownError",
  "data": {
    "message": "Unexpected server error. Check server logs for details.",
    "ref": "err_e42145f6"
  }
}
===== ANALYST longcat 2026-09-05 10:01:28 UTC =====
[91m[1mError: [0m{
  "name": "UnknownError",
  "data": {
    "message": "Unexpected server error. Check server logs for details.",
    "ref": "err_c7d1a26b"
  }
}
===== ANALYST longcat 2026-09-05 13:24:15 UTC =====
[91m[1mError: [0m{
  "name": "UnknownError",
  "data": {
    "message": "Unexpected server error. Check server logs for details.",
    "ref": "err_5a5e4ab7"
  }
}
===== ANALYST longcat 2026-09-05 16:21:43 UTC =====
[91m[1mError: [0m{
  "name": "UnknownError",
  "data": {
    "message": "Unexpected server error. Check server logs for details.",
    "ref": "err_07575280"
  }
}
===== ANALYST longcat 2026-09-05 18:29:58 UTC =====
[91m[1mError: [0m{
  "name": "UnknownError",
  "data": {
    "message": "Unexpected server error. Check server logs for details.",
    "ref": "err_0ebdcaba"
  }
}
===== ANALYST longcat 2026-09-05 20:48:41 UTC =====
[91m[1mError: [0m{
  "name": "UnknownError",
  "data": {
    "message": "Unexpected server error. Check server logs for details.",
    "ref": "err_e7b8885c"
  }
}
===== ANALYST longcat 2026-09-05 22:44:44 UTC =====
[91m[1mError: [0m{
  "name": "UnknownError",
  "data": {
    "message": "Unexpected server error. Check server logs for details.",
    "ref": "err_6e5df9af"
  }
}
===== ANALYST longcat 2026-09-06 00:18:55 UTC =====
[91m[1mError: [0m{
  "name": "UnknownError",
  "data": {
    "message": "Unexpected server error. Check server logs for details.",
    "ref": "err_7af4eeb2"
  }
}
===== ANALYST longcat 2026-09-06 04:50:01 UTC =====
[91m[1mError: [0m{
  "name": "UnknownError",
  "data": {
    "message": "Unexpected server error. Check server logs for details.",
    "ref": "err_c07b6153"
  }
}
===== ANALYST longcat 2026-09-06 09:14:53 UTC =====
[91m[1mError: [0m{
  "name": "UnknownError",
  "data": {
    "message": "Unexpected server error. Check server logs for details.",
    "ref": "err_e912e617"
  }
}
===== ANALYST longcat 2026-09-06 13:03:53 UTC =====
[91m[1mError: [0m{
  "name": "UnknownError",
  "data": {
    "message": "Unexpected server error. Check server logs for details.",
    "ref": "err_a9911bb4"
  }
}
===== ANALYST longcat 2026-09-06 16:18:18 UTC =====
[91m[1mError: [0m{
  "name": "UnknownError",
  "data": {
    "message": "Unexpected server error. Check server logs for details.",
    "ref": "err_268ff10c"
  }
}
===== ANALYST longcat 2026-09-06 18:29:05 UTC =====
[91m[1mError: [0m{
  "name": "UnknownError",
  "data": {
    "message": "Unexpected server error. Check server logs for details.",
    "ref": "err_70aa46bb"
  }
}
===== ANALYST longcat 2026-09-06 20:35:40 UTC =====
[91m[1mError: [0m{
  "name": "UnknownError",
  "data": {
    "message": "Unexpected server error. Check server logs for details.",
    "ref": "err_d8ea02f8"
  }
}
===== ANALYST longcat 2026-09-06 22:23:37 UTC =====
[91m[1mError: [0m{
  "name": "UnknownError",
  "data": {
    "message": "Unexpected server error. Check server logs for details.",
    "ref": "err_aa3e877a"
  }
}
===== ANALYST longcat 2026-09-07 00:08:08 UTC =====
[91m[1mError: [0m{
  "name": "UnknownError",
  "data": {
    "message": "Unexpected server error. Check server logs for details.",
    "ref": "err_b4949ca3"
  }
}
===== ANALYST longcat 2026-09-07 04:55:08 UTC =====
[91m[1mError: [0m{
  "name": "UnknownError",
  "data": {
    "message": "Unexpected server error. Check server logs for details.",
    "ref": "err_6bf2891c"
  }
}
===== ANALYST longcat 2026-09-07 09:58:15 UTC =====
[91m[1mError: [0m{
  "name": "UnknownError",
  "data": {
    "message": "Unexpected server error. Check server logs for details.",
    "ref": "err_9a00f879"
  }
}
===== ANALYST longcat 2026-09-07 15:40:49 UTC =====
[91m[1mError: [0m{
  "name": "UnknownError",
  "data": {
    "message": "Unexpected server error. Check server logs for details.",
    "ref": "err_4e1ca4f9"
  }
}
===== ANALYST longcat 2026-09-07 19:30:30 UTC =====
[91m[1mError: [0m{
  "name": "UnknownError",
  "data": {
    "message": "Unexpected server error. Check server logs for details.",
    "ref": "err_b5cc56dc"
  }
}
===== ANALYST longcat 2026-09-07 22:19:29 UTC =====
[91m[1mError: [0m{
  "name": "UnknownError",
  "data": {
    "message": "Unexpected server error. Check server logs for details.",
    "ref": "err_50374ce7"
  }
}
===== ANALYST longcat 2026-09-08 00:45:01 UTC =====
[91m[1mError: [0m{
  "name": "UnknownError",
  "data": {
    "message": "Unexpected server error. Check server logs for details.",
    "ref": "err_2535008a"
  }
}
===== ANALYST longcat 2026-09-08 05:22:20 UTC =====
[91m[1mError: [0m{
  "name": "UnknownError",
  "data": {
    "message": "Unexpected server error. Check server logs for details.",
    "ref": "err_1c36ee2d"
  }
}
===== ANALYST longcat 2026-09-08 09:58:50 UTC =====
[91m[1mError: [0m{
  "name": "UnknownError",
  "data": {
    "message": "Unexpected server error. Check server logs for details.",
    "ref": "err_aa4965a8"
  }
}
===== ANALYST longcat 2026-09-08 14:26:58 UTC =====
[91m[1mError: [0m{
  "name": "UnknownError",
  "data": {
    "message": "Unexpected server error. Check server logs for details.",
    "ref": "err_2c972568"
  }
}
===== ANALYST longcat 2026-09-08 18:11:33 UTC =====
[91m[1mError: [0m{
  "name": "UnknownError",
  "data": {
    "message": "Unexpected server error. Check server logs for details.",
    "ref": "err_70067a71"
  }
}
===== ANALYST longcat 2026-09-08 20:54:36 UTC =====
[91m[1mError: [0m{
  "name": "UnknownError",
  "data": {
    "message": "Unexpected server error. Check server logs for details.",
    "ref": "err_4cc43f35"
  }
}
===== ANALYST longcat 2026-09-08 23:13:03 UTC =====
[91m[1mError: [0m{
  "name": "UnknownError",
  "data": {
    "message": "Unexpected server error. Check server logs for details.",
    "ref": "err_250db52c"
  }
}
===== ANALYST longcat 2026-09-09 01:34:51 UTC =====
[91m[1mError: [0m{
  "name": "UnknownError",
  "data": {
    "message": "Unexpected server error. Check server logs for details.",
    "ref": "err_83bd7f83"
  }
}
===== ANALYST longcat 2026-09-09 06:09:00 UTC =====
[91m[1mError: [0m{
  "name": "UnknownError",
  "data": {
    "message": "Unexpected server error. Check server logs for details.",
    "ref": "err_7f885510"
  }
}
===== ANALYST longcat 2026-09-09 11:51:06 UTC =====
[91m[1mError: [0m{
  "name": "UnknownError",
  "data": {
    "message": "Unexpected server error. Check server logs for details.",
    "ref": "err_d3161ad7"
  }
}
===== ANALYST longcat 2026-09-09 15:26:45 UTC =====
[91m[1mError: [0m{
  "name": "UnknownError",
  "data": {
    "message": "Unexpected server error. Check server logs for details.",
    "ref": "err_a15ac949"
  }
}
===== ANALYST longcat 2026-09-09 18:45:14 UTC =====
[91m[1mError: [0m{
  "name": "UnknownError",
  "data": {
    "message": "Unexpected server error. Check server logs for details.",
    "ref": "err_b4afd0d8"
  }
}
===== ANALYST longcat 2026-09-09 21:40:04 UTC =====
[91m[1mError: [0m{
  "name": "UnknownError",
  "data": {
    "message": "Unexpected server error. Check server logs for details.",
    "ref": "err_a5092980"
  }
}
===== ANALYST longcat 2026-09-09 23:34:14 UTC =====
[91m[1mError: [0m{
  "name": "UnknownError",
  "data": {
    "message": "Unexpected server error. Check server logs for details.",
    "ref": "err_56a04c25"
  }
}
===== ANALYST longcat 2026-09-10 01:32:10 UTC =====
[91m[1mError: [0m{
  "name": "UnknownError",
  "data": {
    "message": "Unexpected server error. Check server logs for details.",
    "ref": "err_12dd2ab0"
  }
}
===== ANALYST longcat 2026-09-10 06:43:37 UTC =====
[91m[1mError: [0m{
  "name": "UnknownError",
  "data": {
    "message": "Unexpected server error. Check server logs for details.",
    "ref": "err_c770279e"
  }
}
===== ANALYST longcat 2026-09-10 12:03:17 UTC =====
[91m[1mError: [0m{
  "name": "UnknownError",
  "data": {
    "message": "Unexpected server error. Check server logs for details.",
    "ref": "err_f00a31e4"
  }
}
===== ANALYST longcat 2026-09-10 15:56:24 UTC =====
[91m[1mError: [0m{
  "name": "UnknownError",
  "data": {
    "message": "Unexpected server error. Check server logs for details.",
    "ref": "err_c0ca2876"
  }
}
===== ANALYST longcat 2026-09-10 19:05:55 UTC =====
[91m[1mError: [0m{
  "name": "UnknownError",
  "data": {
    "message": "Unexpected server error. Check server logs for details.",
    "ref": "err_f83d108c"
  }
}
===== ANALYST longcat 2026-09-10 21:37:45 UTC =====
[91m[1mError: [0m{
  "name": "UnknownError",
  "data": {
    "message": "Unexpected server error. Check server logs for details.",
    "ref": "err_c9f113d5"
  }
}
===== ANALYST longcat 2026-09-10 23:24:51 UTC =====
[91m[1mError: [0m{
  "name": "UnknownError",
  "data": {
    "message": "Unexpected server error. Check server logs for details.",
    "ref": "err_eec901ce"
  }
}
===== ANALYST longcat 2026-09-11 01:32:19 UTC =====
[91m[1mError: [0m{
  "name": "UnknownError",
  "data": {
    "message": "Unexpected server error. Check server logs for details.",
    "ref": "err_21acabf8"
  }
}
===== ANALYST longcat 2026-09-11 06:42:49 UTC =====
[91m[1mError: [0m{
  "name": "UnknownError",
  "data": {
    "message": "Unexpected server error. Check server logs for details.",
    "ref": "err_a50ee767"
  }
}
===== ANALYST longcat 2026-09-11 11:52:59 UTC =====
[91m[1mError: [0m{
  "name": "UnknownError",
  "data": {
    "message": "Unexpected server error. Check server logs for details.",
    "ref": "err_0f3d9e1d"
  }
}
===== ANALYST longcat 2026-09-11 16:02:08 UTC =====
[91m[1mError: [0m{
  "name": "UnknownError",
  "data": {
    "message": "Unexpected server error. Check server logs for details.",
    "ref": "err_9b977f77"
  }
}
===== ANALYST longcat 2026-09-11 19:03:10 UTC =====
[91m[1mError: [0m{
  "name": "UnknownError",
  "data": {
    "message": "Unexpected server error. Check server logs for details.",
    "ref": "err_c7ff5f75"
  }
}
===== ANALYST longcat 2026-09-11 21:56:31 UTC =====
[91m[1mError: [0m{
  "name": "UnknownError",
  "data": {
    "message": "Unexpected server error. Check server logs for details.",
    "ref": "err_ec16cbe6"
  }
}
===== ANALYST longcat 2026-09-11 23:39:16 UTC =====
[91m[1mError: [0m{
  "name": "UnknownError",
  "data": {
    "message": "Unexpected server error. Check server logs for details.",
    "ref": "err_bbb08ee1"
  }
}
===== ANALYST longcat 2026-09-12 01:46:28 UTC =====
[91m[1mError: [0m{
  "name": "UnknownError",
  "data": {
    "message": "Unexpected server error. Check server logs for details.",
    "ref": "err_d291dd34"
  }
}
===== ANALYST longcat 2026-09-12 06:30:27 UTC =====
[91m[1mError: [0m{
  "name": "UnknownError",
  "data": {
    "message": "Unexpected server error. Check server logs for details.",
    "ref": "err_e6552bfc"
  }
}
===== ANALYST longcat 2026-09-12 11:16:15 UTC =====
[91m[1mError: [0m{
  "name": "UnknownError",
  "data": {
    "message": "Unexpected server error. Check server logs for details.",
    "ref": "err_77bf4d0f"
  }
}
===== ANALYST longcat 2026-09-12 14:25:27 UTC =====
[91m[1mError: [0m{
  "name": "UnknownError",
  "data": {
    "message": "Unexpected server error. Check server logs for details.",
    "ref": "err_53f986b8"
  }
}
===== ANALYST longcat 2026-09-12 17:23:02 UTC =====
[91m[1mError: [0m{
  "name": "UnknownError",
  "data": {
    "message": "Unexpected server error. Check server logs for details.",
    "ref": "err_ae3b622d"
  }
}
===== ANALYST longcat 2026-09-12 19:27:56 UTC =====
[91m[1mError: [0m{
  "name": "UnknownError",
  "data": {
    "message": "Unexpected server error. Check server logs for details.",
    "ref": "err_085ec2e6"
  }
}
===== ANALYST longcat 2026-09-12 21:43:07 UTC =====
[91m[1mError: [0m{
  "name": "UnknownError",
  "data": {
    "message": "Unexpected server error. Check server logs for details.",
    "ref": "err_a86e8e67"
  }
}
===== ANALYST longcat 2026-09-12 23:21:25 UTC =====
[91m[1mError: [0m{
  "name": "UnknownError",
  "data": {
    "message": "Unexpected server error. Check server logs for details.",
    "ref": "err_2e44689b"
  }
}
===== ANALYST longcat 2026-09-13 01:14:04 UTC =====
[91m[1mError: [0m{
  "name": "UnknownError",
  "data": {
    "message": "Unexpected server error. Check server logs for details.",
    "ref": "err_add647d7"
  }
}
===== ANALYST longcat 2026-09-13 06:21:44 UTC =====
[91m[1mError: [0m{
  "name": "UnknownError",
  "data": {
    "message": "Unexpected server error. Check server logs for details.",
    "ref": "err_7a10bda1"
  }
}
===== ANALYST longcat 2026-09-13 12:19:11 UTC =====
[91m[1mError: [0m{
  "name": "UnknownError",
  "data": {
    "message": "Unexpected server error. Check server logs for details.",
    "ref": "err_64d2e498"
  }
}
===== ANALYST longcat 2026-09-13 16:40:09 UTC =====
[91m[1mError: [0m{
  "name": "UnknownError",
  "data": {
    "message": "Unexpected server error. Check server logs for details.",
    "ref": "err_dfc2e97a"
  }
}
===== ANALYST longcat 2026-09-13 19:01:16 UTC =====
[91m[1mError: [0m{
  "name": "UnknownError",
  "data": {
    "message": "Unexpected server error. Check server logs for details.",
    "ref": "err_8c19a9da"
  }
}
===== ANALYST longcat 2026-09-13 21:18:03 UTC =====
[91m[1mError: [0m{
  "name": "UnknownError",
  "data": {
    "message": "Unexpected server error. Check server logs for details.",
    "ref": "err_2694e84e"
  }
}
===== ANALYST longcat 2026-09-13 23:16:16 UTC =====
[91m[1mError: [0m{
  "name": "UnknownError",
  "data": {
    "message": "Unexpected server error. Check server logs for details.",
    "ref": "err_e22c5d1a"
  }
}
===== ANALYST longcat 2026-09-14 01:15:19 UTC =====
[91m[1mError: [0m{
  "name": "UnknownError",
  "data": {
    "message": "Unexpected server error. Check server logs for details.",
    "ref": "err_ae1b66d0"
  }
}
===== ANALYST longcat 2026-09-14 06:30:20 UTC =====
[91m[1mError: [0m{
  "name": "UnknownError",
  "data": {
    "message": "Unexpected server error. Check server logs for details.",
    "ref": "err_4f532214"
  }
}
===== ANALYST longcat 2026-09-14 13:24:59 UTC =====
[91m[1mError: [0m{
  "name": "UnknownError",
  "data": {
    "message": "Unexpected server error. Check server logs for details.",
    "ref": "err_c68f05e8"
  }
}
===== ANALYST longcat 2026-09-14 18:48:34 UTC =====
[91m[1mError: [0m{
  "name": "UnknownError",
  "data": {
    "message": "Unexpected server error. Check server logs for details.",
    "ref": "err_909ed7d6"
  }
}
===== ANALYST longcat 2026-09-14 22:21:18 UTC =====
[91m[1mError: [0m{
  "name": "UnknownError",
  "data": {
    "message": "Unexpected server error. Check server logs for details.",
    "ref": "err_ef48c5bf"
  }
}
===== ANALYST longcat 2026-09-15 00:44:10 UTC =====
[91m[1mError: [0m{
  "name": "UnknownError",
  "data": {
    "message": "Unexpected server error. Check server logs for details.",
    "ref": "err_b370dfac"
  }
}
===== ANALYST longcat 2026-09-15 05:51:30 UTC =====
[91m[1mError: [0m{
  "name": "UnknownError",
  "data": {
    "message": "Unexpected server error. Check server logs for details.",
    "ref": "err_a3f6d62b"
  }
}
===== ANALYST longcat 2026-09-15 11:03:11 UTC =====
[91m[1mError: [0m{
  "name": "UnknownError",
  "data": {
    "message": "Unexpected server error. Check server logs for details.",
    "ref": "err_e9120cb5"
  }
}
===== ANALYST longcat 2026-09-15 15:40:54 UTC =====
[91m[1mError: [0m{
  "name": "UnknownError",
  "data": {
    "message": "Unexpected server error. Check server logs for details.",
    "ref": "err_f3cf5dc1"
  }
}
===== ANALYST longcat 2026-09-15 19:26:40 UTC =====
[91m[1mError: [0m{
  "name": "UnknownError",
  "data": {
    "message": "Unexpected server error. Check server logs for details.",
    "ref": "err_66a0946f"
  }
}
===== ANALYST longcat 2026-09-15 22:31:59 UTC =====
[91m[1mError: [0m{
  "name": "UnknownError",
  "data": {
    "message": "Unexpected server error. Check server logs for details.",
    "ref": "err_e8abf988"
  }
}
===== ANALYST longcat 2026-09-16 00:34:30 UTC =====
[91m[1mError: [0m{
  "name": "UnknownError",
  "data": {
    "message": "Unexpected server error. Check server logs for details.",
    "ref": "err_b4a25e6e"
  }
}
===== ANALYST longcat 2026-09-16 05:13:28 UTC =====
[91m[1mError: [0m{
  "name": "UnknownError",
  "data": {
    "message": "Unexpected server error. Check server logs for details.",
    "ref": "err_dc854acb"
  }
}
===== ANALYST longcat 2026-09-16 10:06:00 UTC =====
[91m[1mError: [0m{
  "name": "UnknownError",
  "data": {
    "message": "Unexpected server error. Check server logs for details.",
    "ref": "err_6535ccbb"
  }
}
===== ANALYST longcat 2026-09-16 15:06:23 UTC =====
[91m[1mError: [0m{
  "name": "UnknownError",
  "data": {
    "message": "Unexpected server error. Check server logs for details.",
    "ref": "err_d9424ff6"
  }
}
===== ANALYST longcat 2026-09-16 19:15:49 UTC =====
[91m[1mError: [0m{
  "name": "UnknownError",
  "data": {
    "message": "Unexpected server error. Check server logs for details.",
    "ref": "err_d7a98f3b"
  }
}
===== ANALYST longcat 2026-09-16 21:57:19 UTC =====
[91m[1mError: [0m{
  "name": "UnknownError",
  "data": {
    "message": "Unexpected server error. Check server logs for details.",
    "ref": "err_2de3c9fe"
  }
}
===== ANALYST longcat 2026-09-17 00:06:39 UTC =====
[91m[1mError: [0m{
  "name": "UnknownError",
  "data": {
    "message": "Unexpected server error. Check server logs for details.",
    "ref": "err_65bbafc6"
  }
}
===== ANALYST longcat 2026-09-17 04:59:59 UTC =====
[91m[1mError: [0m{
  "name": "UnknownError",
  "data": {
    "message": "Unexpected server error. Check server logs for details.",
    "ref": "err_aca5ba5e"
  }
}
===== ANALYST longcat 2026-09-17 09:58:13 UTC =====
[91m[1mError: [0m{
  "name": "UnknownError",
  "data": {
    "message": "Unexpected server error. Check server logs for details.",
    "ref": "err_bc5b5b4d"
  }
}
===== ANALYST longcat 2026-09-17 14:42:50 UTC =====
[91m[1mError: [0m{
  "name": "UnknownError",
  "data": {
    "message": "Unexpected server error. Check server logs for details.",
    "ref": "err_d31f8a09"
  }
}
===== ANALYST longcat 2026-09-17 18:37:04 UTC =====
[91m[1mError: [0m{
  "name": "UnknownError",
  "data": {
    "message": "Unexpected server error. Check server logs for details.",
    "ref": "err_224007ed"
  }
}
===== ANALYST longcat 2026-09-17 21:45:33 UTC =====
[91m[1mError: [0m{
  "name": "UnknownError",
  "data": {
    "message": "Unexpected server error. Check server logs for details.",
    "ref": "err_96add1c5"
  }
}
===== ANALYST longcat 2026-09-17 23:54:37 UTC =====
[91m[1mError: [0m{
  "name": "UnknownError",
  "data": {
    "message": "Unexpected server error. Check server logs for details.",
    "ref": "err_9c79ea62"
  }
}
===== ANALYST longcat 2026-09-18 03:12:06 UTC =====
[91m[1mError: [0m{
  "name": "UnknownError",
  "data": {
    "message": "Unexpected server error. Check server logs for details.",
    "ref": "err_b334850e"
  }
}
===== ANALYST longcat 2026-09-18 08:22:29 UTC =====
[91m[1mError: [0m{
  "name": "UnknownError",
  "data": {
    "message": "Unexpected server error. Check server logs for details.",
    "ref": "err_8c0c700e"
  }
}
===== ANALYST longcat 2026-09-18 13:07:35 UTC =====
[91m[1mError: [0m{
  "name": "UnknownError",
  "data": {
    "message": "Unexpected server error. Check server logs for details.",
    "ref": "err_d902941b"
  }
}
===== ANALYST longcat 2026-09-18 17:14:23 UTC =====
[91m[1mError: [0m{
  "name": "UnknownError",
  "data": {
    "message": "Unexpected server error. Check server logs for details.",
    "ref": "err_d22bf858"
  }
}
===== ANALYST longcat 2026-09-18 19:44:47 UTC =====
[91m[1mError: [0m{
  "name": "UnknownError",
  "data": {
    "message": "Unexpected server error. Check server logs for details.",
    "ref": "err_ec88f9e2"
  }
}
===== ANALYST longcat 2026-09-18 22:17:11 UTC =====
[91m[1mError: [0m{
  "name": "UnknownError",
  "data": {
    "message": "Unexpected server error. Check server logs for details.",
    "ref": "err_361edcf7"
  }
}
===== ANALYST longcat 2026-09-19 00:26:49 UTC =====
[91m[1mError: [0m{
  "name": "UnknownError",
  "data": {
    "message": "Unexpected server error. Check server logs for details.",
    "ref": "err_12d3ce2d"
  }
}
